// Jest Snapshot v1, https://goo.gl/fbAQLP

exports[`Should Title match to snapshot 1`] = `
<header>
  <div
    className="logo"
  >
    <a
      href="/"
    >
      <img
        alt="Webmotors"
        src="https://cdn.webmotors.com.br/webmotors/Content/assets/img/logo-webmotors@2x.png?v=21103"
      />
    </a>
  </div>
</header>
`;
